// Jest Snapshot v1, https://goo.gl/fbAQLP

exports[`Library audit — every shipped exercise has sensible ranges warns when peaks exceed the native Salamander pitch-shift cap of F#5 (MIDI 78) 1`] = `
[
  "descending-five-to-one-nay soprano: peaks at MIDI 81 (above native cap 78 = F#5)",
  "five-note-scale-mee-may-mah soprano: peaks at MIDI 81 (above native cap 78 = F#5)",
  "goog-octave-arpeggio soprano: peaks at MIDI 81 (above native cap 78 = F#5)",
  "nay-1-3-5-3-1 soprano: peaks at MIDI 81 (above native cap 78 = F#5)",
  "ng-siren soprano: peaks at MIDI 81 (above native cap 78 = F#5)",
  "octave-leap-wow soprano: peaks at MIDI 81 (above native cap 78 = F#5)",
  "rossini-lip-trill soprano: peaks at MIDI 81 (above native cap 78 = F#5)",
  "staccato-arpeggio soprano: peaks at MIDI 81 (above native cap 78 = F#5)",
]
`;
